// Jest Snapshot v1, https://goo.gl/fbAQLP

exports[`PublicKeyContract API should match snapshot 1`] = `
{
  "contractName": "PublicKeyContract",
  "contractVersion": "?.?.?",
  "methods": [
    {
      "dtoSchema": {
        "properties": {
          "callerPublicKey": {
            "minLength": 1,
            "type": "string",
          },
          "dto": {
            "minLength": 1,
            "type": "string",
          },
          "method": {
            "minLength": 1,
            "type": "string",
          },
          "prefix": {
            "description": "Prefix for Metamask transaction signatures. Necessary to format payloads correctly to recover publicKey from web3 signatures.",
            "minLength": 1,
            "type": "string",
          },
          "signature": {
            "description": "Signature of the DTO signed with caller's private key to be verified with user's public key saved on chain. The 'signature' field is optional for DTO, but is required for a transaction to be executed on chain. 
Please consult [GalaChain SDK documentation](https://github.com/GalaChain/sdk/blob/main/docs/authorization.md#signature-based-authorization) on how to create signatures.",
            "minLength": 1,
            "type": "string",
          },
          "signerAddress": {
            "description": "Address of the user who signed the DTO. Typically Ethereum or TON address.",
            "minLength": 1,
            "type": "string",
          },
          "signerPublicKey": {
            "description": "Public key of the user who signed the DTO.",
            "minLength": 1,
            "type": "string",
          },
          "signing": {
            "description": "Signing scheme used for the signature. "ETH" for Ethereum, and "TON" for The Open Network are supported. Default: "ETH".",
            "enum": [
              "ETH",
              "TON",
            ],
            "type": "string",
          },
          "uniqueKey": {
            "description": "Unique key of the DTO. It is used to prevent double execution of the same transaction on chain. The key is saved on chain and checked before execution. If a DTO with already saved key is used in transaction, the transaction will fail with UniqueTransactionConflict error, which is mapped to HTTP 409 Conflict error. In case of the error, no changes are saved to chain state.
The key is generated by the caller and should be unique for each DTO. You can use \`nanoid\` library, UUID scheme, or any tool to generate unique string keys.",
            "minLength": 1,
            "type": "string",
          },
        },
        "required": [
          "method",
          "callerPublicKey",
        ],
        "type": "object",
      },
      "isWrite": false,
      "methodName": "DryRun",
      "responseSchema": {
        "properties": {
          "Data": {
            "properties": {
              "prefix": {
                "description": "Prefix for Metamask transaction signatures. Necessary to format payloads correctly to recover publicKey from web3 signatures.",
                "minLength": 1,
                "type": "string",
              },
              "signature": {
                "description": "Signature of the DTO signed with caller's private key to be verified with user's public key saved on chain. The 'signature' field is optional for DTO, but is required for a transaction to be executed on chain. 
Please consult [GalaChain SDK documentation](https://github.com/GalaChain/sdk/blob/main/docs/authorization.md#signature-based-authorization) on how to create signatures.",
                "minLength": 1,
                "type": "string",
              },
              "signerAddress": {
                "description": "Address of the user who signed the DTO. Typically Ethereum or TON address.",
                "minLength": 1,
                "type": "string",
              },
              "signerPublicKey": {
                "description": "Public key of the user who signed the DTO.",
                "minLength": 1,
                "type": "string",
              },
              "signing": {
                "description": "Signing scheme used for the signature. "ETH" for Ethereum, and "TON" for The Open Network are supported. Default: "ETH".",
                "enum": [
                  "ETH",
                  "TON",
                ],
                "type": "string",
              },
              "uniqueKey": {
                "description": "Unique key of the DTO. It is used to prevent double execution of the same transaction on chain. The key is saved on chain and checked before execution. If a DTO with already saved key is used in transaction, the transaction will fail with UniqueTransactionConflict error, which is mapped to HTTP 409 Conflict error. In case of the error, no changes are saved to chain state.
The key is generated by the caller and should be unique for each DTO. You can use \`nanoid\` library, UUID scheme, or any tool to generate unique string keys.",
                "minLength": 1,
                "type": "string",
              },
            },
            "type": "object",
          },
          "Message": {
            "type": "string",
          },
          "Status": {
            "description": "Indicates Error (0) or Success (1)",
            "enum": [
              0,
              1,
            ],
          },
        },
        "required": [
          "Status",
        ],
        "type": "object",
      },
    },
    {
      "deprecated": true,
      "description": "Gets the contract version. Deprecated. Use GetContractVersion instead.",
      "isWrite": false,
      "methodName": "GetChaincodeVersion",
      "responseSchema": {
        "properties": {
          "Data": {
            "type": "string",
          },
          "Message": {
            "type": "string",
          },
          "Status": {
            "description": "Indicates Error (0) or Success (1)",
            "enum": [
              0,
              1,
            ],
          },
        },
        "required": [
          "Status",
        ],
        "type": "object",
      },
    },
    {
      "isWrite": false,
      "methodName": "GetContractAPI",
      "responseSchema": {
        "properties": {
          "Data": {
            "type": "object",
          },
          "Message": {
            "type": "string",
          },
          "Status": {
            "description": "Indicates Error (0) or Success (1)",
            "enum": [
              0,
              1,
            ],
          },
        },
        "required": [
          "Status",
        ],
        "type": "object",
      },
    },
    {
      "isWrite": false,
      "methodName": "GetContractVersion",
      "responseSchema": {
        "properties": {
          "Data": {
            "type": "string",
          },
          "Message": {
            "type": "string",
          },
          "Status": {
            "description": "Indicates Error (0) or Success (1)",
            "enum": [
              0,
              1,
            ],
          },
        },
        "required": [
          "Status",
        ],
        "type": "object",
      },
    },
    {
      "description": "Returns profile for the calling user. Since the profile contains also eth address of the user, this method is supported only for signature based authentication.",
      "dtoSchema": {
        "properties": {
          "prefix": {
            "description": "Prefix for Metamask transaction signatures. Necessary to format payloads correctly to recover publicKey from web3 signatures.",
            "minLength": 1,
            "type": "string",
          },
          "signature": {
            "description": "Signature of the DTO signed with caller's private key to be verified with user's public key saved on chain. The 'signature' field is optional for DTO, but is required for a transaction to be executed on chain. 
Please consult [GalaChain SDK documentation](https://github.com/GalaChain/sdk/blob/main/docs/authorization.md#signature-based-authorization) on how to create signatures.",
            "minLength": 1,
            "type": "string",
          },
          "signerAddress": {
            "description": "Address of the user who signed the DTO. Typically Ethereum or TON address.",
            "minLength": 1,
            "type": "string",
          },
          "signerPublicKey": {
            "description": "Public key of the user who signed the DTO.",
            "minLength": 1,
            "type": "string",
          },
          "signing": {
            "description": "Signing scheme used for the signature. "ETH" for Ethereum, and "TON" for The Open Network are supported. Default: "ETH".",
            "enum": [
              "ETH",
              "TON",
            ],
            "type": "string",
          },
          "uniqueKey": {
            "description": "Unique key of the DTO. It is used to prevent double execution of the same transaction on chain. The key is saved on chain and checked before execution. If a DTO with already saved key is used in transaction, the transaction will fail with UniqueTransactionConflict error, which is mapped to HTTP 409 Conflict error. In case of the error, no changes are saved to chain state.
The key is generated by the caller and should be unique for each DTO. You can use \`nanoid\` library, UUID scheme, or any tool to generate unique string keys.",
            "minLength": 1,
            "type": "string",
          },
        },
        "type": "object",
      },
      "isWrite": false,
      "methodName": "GetMyProfile",
      "responseSchema": {
        "properties": {
          "Data": {
            "type": "null",
          },
          "Message": {
            "type": "string",
          },
          "Status": {
            "description": "Indicates Error (0) or Success (1)",
            "enum": [
              0,
              1,
            ],
          },
        },
        "required": [
          "Status",
        ],
        "type": "object",
      },
    },
    {
      "dtoSchema": {
        "properties": {
          "objectId": {
            "minLength": 1,
            "type": "string",
          },
          "prefix": {
            "description": "Prefix for Metamask transaction signatures. Necessary to format payloads correctly to recover publicKey from web3 signatures.",
            "minLength": 1,
            "type": "string",
          },
          "signature": {
            "description": "Signature of the DTO signed with caller's private key to be verified with user's public key saved on chain. The 'signature' field is optional for DTO, but is required for a transaction to be executed on chain. 
Please consult [GalaChain SDK documentation](https://github.com/GalaChain/sdk/blob/main/docs/authorization.md#signature-based-authorization) on how to create signatures.",
            "minLength": 1,
            "type": "string",
          },
          "signerAddress": {
            "description": "Address of the user who signed the DTO. Typically Ethereum or TON address.",
            "minLength": 1,
            "type": "string",
          },
          "signerPublicKey": {
            "description": "Public key of the user who signed the DTO.",
            "minLength": 1,
            "type": "string",
          },
          "signing": {
            "description": "Signing scheme used for the signature. "ETH" for Ethereum, and "TON" for The Open Network are supported. Default: "ETH".",
            "enum": [
              "ETH",
              "TON",
            ],
            "type": "string",
          },
          "uniqueKey": {
            "description": "Unique key of the DTO. It is used to prevent double execution of the same transaction on chain. The key is saved on chain and checked before execution. If a DTO with already saved key is used in transaction, the transaction will fail with UniqueTransactionConflict error, which is mapped to HTTP 409 Conflict error. In case of the error, no changes are saved to chain state.
The key is generated by the caller and should be unique for each DTO. You can use \`nanoid\` library, UUID scheme, or any tool to generate unique string keys.",
            "minLength": 1,
            "type": "string",
          },
        },
        "required": [
          "objectId",
        ],
        "type": "object",
      },
      "isWrite": false,
      "methodName": "GetObjectByKey",
      "responseSchema": {
        "properties": {
          "Data": {
            "type": "object",
          },
          "Message": {
            "type": "string",
          },
          "Status": {
            "description": "Indicates Error (0) or Success (1)",
            "enum": [
              0,
              1,
            ],
          },
        },
        "required": [
          "Status",
        ],
        "type": "object",
      },
    },
    {
      "dtoSchema": {
        "properties": {
          "objectId": {
            "minLength": 1,
            "type": "string",
          },
          "prefix": {
            "description": "Prefix for Metamask transaction signatures. Necessary to format payloads correctly to recover publicKey from web3 signatures.",
            "minLength": 1,
            "type": "string",
          },
          "signature": {
            "description": "Signature of the DTO signed with caller's private key to be verified with user's public key saved on chain. The 'signature' field is optional for DTO, but is required for a transaction to be executed on chain. 
Please consult [GalaChain SDK documentation](https://github.com/GalaChain/sdk/blob/main/docs/authorization.md#signature-based-authorization) on how to create signatures.",
            "minLength": 1,
            "type": "string",
          },
          "signerAddress": {
            "description": "Address of the user who signed the DTO. Typically Ethereum or TON address.",
            "minLength": 1,
            "type": "string",
          },
          "signerPublicKey": {
            "description": "Public key of the user who signed the DTO.",
            "minLength": 1,
            "type": "string",
          },
          "signing": {
            "description": "Signing scheme used for the signature. "ETH" for Ethereum, and "TON" for The Open Network are supported. Default: "ETH".",
            "enum": [
              "ETH",
              "TON",
            ],
            "type": "string",
          },
          "uniqueKey": {
            "description": "Unique key of the DTO. It is used to prevent double execution of the same transaction on chain. The key is saved on chain and checked before execution. If a DTO with already saved key is used in transaction, the transaction will fail with UniqueTransactionConflict error, which is mapped to HTTP 409 Conflict error. In case of the error, no changes are saved to chain state.
The key is generated by the caller and should be unique for each DTO. You can use \`nanoid\` library, UUID scheme, or any tool to generate unique string keys.",
            "minLength": 1,
            "type": "string",
          },
        },
        "required": [
          "objectId",
        ],
        "type": "object",
      },
      "isWrite": false,
      "methodName": "GetObjectHistory",
      "responseSchema": {
        "properties": {
          "Data": {
            "type": "object",
          },
          "Message": {
            "type": "string",
          },
          "Status": {
            "description": "Indicates Error (0) or Success (1)",
            "enum": [
              0,
              1,
            ],
          },
        },
        "required": [
          "Status",
        ],
        "type": "object",
      },
    },
    {
      "description": "Returns public key for the user",
      "dtoSchema": {
        "properties": {
          "prefix": {
            "description": "Prefix for Metamask transaction signatures. Necessary to format payloads correctly to recover publicKey from web3 signatures.",
            "minLength": 1,
            "type": "string",
          },
          "signature": {
            "description": "Signature of the DTO signed with caller's private key to be verified with user's public key saved on chain. The 'signature' field is optional for DTO, but is required for a transaction to be executed on chain. 
Please consult [GalaChain SDK documentation](https://github.com/GalaChain/sdk/blob/main/docs/authorization.md#signature-based-authorization) on how to create signatures.",
            "minLength": 1,
            "type": "string",
          },
          "signerAddress": {
            "description": "Address of the user who signed the DTO. Typically Ethereum or TON address.",
            "minLength": 1,
            "type": "string",
          },
          "signerPublicKey": {
            "description": "Public key of the user who signed the DTO.",
            "minLength": 1,
            "type": "string",
          },
          "signing": {
            "description": "Signing scheme used for the signature. "ETH" for Ethereum, and "TON" for The Open Network are supported. Default: "ETH".",
            "enum": [
              "ETH",
              "TON",
            ],
            "type": "string",
          },
          "uniqueKey": {
            "description": "Unique key of the DTO. It is used to prevent double execution of the same transaction on chain. The key is saved on chain and checked before execution. If a DTO with already saved key is used in transaction, the transaction will fail with UniqueTransactionConflict error, which is mapped to HTTP 409 Conflict error. In case of the error, no changes are saved to chain state.
The key is generated by the caller and should be unique for each DTO. You can use \`nanoid\` library, UUID scheme, or any tool to generate unique string keys.",
            "minLength": 1,
            "type": "string",
          },
          "user": {
            "description": "Id of a public key holder. Optional field, by default caller's public key is returned.",
            "type": "string",
          },
        },
        "type": "object",
      },
      "isWrite": false,
      "methodName": "GetPublicKey",
      "responseSchema": {
        "properties": {
          "Data": {
            "properties": {
              "publicKey": {
                "minLength": 1,
                "type": "string",
              },
              "signing": {
                "enum": [
                  "ETH",
                  "TON",
                ],
                "type": "string",
              },
            },
            "required": [
              "publicKey",
            ],
            "type": "object",
          },
          "Message": {
            "type": "string",
          },
          "Status": {
            "description": "Indicates Error (0) or Success (1)",
            "enum": [
              0,
              1,
            ],
          },
        },
        "required": [
          "Status",
        ],
        "type": "object",
      },
    },
    {
      "description": "Registers a new user on chain under alias derived from eth address.",
      "dtoSchema": {
        "description": "Dto for secure method to save public keys for Eth users. Method is called and signed by Curators",
        "properties": {
          "prefix": {
            "description": "Prefix for Metamask transaction signatures. Necessary to format payloads correctly to recover publicKey from web3 signatures.",
            "minLength": 1,
            "type": "string",
          },
          "publicKey": {
            "description": "Public secp256k1 key (compact or non-compact, hex or base64).",
            "minLength": 1,
            "type": "string",
          },
          "signature": {
            "description": "Signature of the DTO signed with caller's private key to be verified with user's public key saved on chain. The 'signature' field is optional for DTO, but is required for a transaction to be executed on chain. 
Please consult [GalaChain SDK documentation](https://github.com/GalaChain/sdk/blob/main/docs/authorization.md#signature-based-authorization) on how to create signatures.",
            "minLength": 1,
            "type": "string",
          },
          "signerAddress": {
            "description": "Address of the user who signed the DTO. Typically Ethereum or TON address.",
            "minLength": 1,
            "type": "string",
          },
          "signerPublicKey": {
            "description": "Public key of the user who signed the DTO.",
            "minLength": 1,
            "type": "string",
          },
          "signing": {
            "description": "Signing scheme used for the signature. "ETH" for Ethereum, and "TON" for The Open Network are supported. Default: "ETH".",
            "enum": [
              "ETH",
              "TON",
            ],
            "type": "string",
          },
          "uniqueKey": {
            "description": "Unique key of the DTO. It is used to prevent double execution of the same transaction on chain. The key is saved on chain and checked before execution. If a DTO with already saved key is used in transaction, the transaction will fail with UniqueTransactionConflict error, which is mapped to HTTP 409 Conflict error. In case of the error, no changes are saved to chain state.
The key is generated by the caller and should be unique for each DTO. You can use \`nanoid\` library, UUID scheme, or any tool to generate unique string keys.",
            "minLength": 1,
            "type": "string",
          },
        },
        "required": [
          "publicKey",
        ],
        "type": "object",
      },
      "isWrite": true,
      "methodName": "RegisterEthUser",
      "responseSchema": {
        "properties": {
          "Data": {
            "type": "string",
          },
          "Message": {
            "type": "string",
          },
          "Status": {
            "description": "Indicates Error (0) or Success (1)",
            "enum": [
              0,
              1,
            ],
          },
        },
        "required": [
          "Status",
        ],
        "type": "object",
      },
    },
    {
      "description": "Registers a new user on chain under alias derived from TON address.",
      "dtoSchema": {
        "description": "Dto for secure method to save public keys for TON users. Method is called and signed by Curators",
        "properties": {
          "prefix": {
            "description": "Prefix for Metamask transaction signatures. Necessary to format payloads correctly to recover publicKey from web3 signatures.",
            "minLength": 1,
            "type": "string",
          },
          "publicKey": {
            "description": "TON user public key (Ed25519 in base64).",
            "minLength": 1,
            "type": "string",
          },
          "signature": {
            "description": "Signature of the DTO signed with caller's private key to be verified with user's public key saved on chain. The 'signature' field is optional for DTO, but is required for a transaction to be executed on chain. 
Please consult [GalaChain SDK documentation](https://github.com/GalaChain/sdk/blob/main/docs/authorization.md#signature-based-authorization) on how to create signatures.",
            "minLength": 1,
            "type": "string",
          },
          "signerAddress": {
            "description": "Address of the user who signed the DTO. Typically Ethereum or TON address.",
            "minLength": 1,
            "type": "string",
          },
          "signerPublicKey": {
            "description": "Public key of the user who signed the DTO.",
            "minLength": 1,
            "type": "string",
          },
          "signing": {
            "description": "Signing scheme used for the signature. "ETH" for Ethereum, and "TON" for The Open Network are supported. Default: "ETH".",
            "enum": [
              "ETH",
              "TON",
            ],
            "type": "string",
          },
          "uniqueKey": {
            "description": "Unique key of the DTO. It is used to prevent double execution of the same transaction on chain. The key is saved on chain and checked before execution. If a DTO with already saved key is used in transaction, the transaction will fail with UniqueTransactionConflict error, which is mapped to HTTP 409 Conflict error. In case of the error, no changes are saved to chain state.
The key is generated by the caller and should be unique for each DTO. You can use \`nanoid\` library, UUID scheme, or any tool to generate unique string keys.",
            "minLength": 1,
            "type": "string",
          },
        },
        "required": [
          "publicKey",
        ],
        "type": "object",
      },
      "isWrite": true,
      "methodName": "RegisterTonUser",
      "responseSchema": {
        "properties": {
          "Data": {
            "type": "string",
          },
          "Message": {
            "type": "string",
          },
          "Status": {
            "description": "Indicates Error (0) or Success (1)",
            "enum": [
              0,
              1,
            ],
          },
        },
        "required": [
          "Status",
        ],
        "type": "object",
      },
    },
    {
      "description": "Registers a new user on chain under provided user alias.",
      "dtoSchema": {
        "description": "Dto for secure method to save public keys for legacy users. Method is called and signed by Curators",
        "properties": {
          "prefix": {
            "description": "Prefix for Metamask transaction signatures. Necessary to format payloads correctly to recover publicKey from web3 signatures.",
            "minLength": 1,
            "type": "string",
          },
          "publicKey": {
            "description": "Public secp256k1 key (compact or non-compact, hex or base64).",
            "minLength": 1,
            "type": "string",
          },
          "signature": {
            "description": "Signature of the DTO signed with caller's private key to be verified with user's public key saved on chain. The 'signature' field is optional for DTO, but is required for a transaction to be executed on chain. 
Please consult [GalaChain SDK documentation](https://github.com/GalaChain/sdk/blob/main/docs/authorization.md#signature-based-authorization) on how to create signatures.",
            "minLength": 1,
            "type": "string",
          },
          "signerAddress": {
            "description": "Address of the user who signed the DTO. Typically Ethereum or TON address.",
            "minLength": 1,
            "type": "string",
          },
          "signerPublicKey": {
            "description": "Public key of the user who signed the DTO.",
            "minLength": 1,
            "type": "string",
          },
          "signing": {
            "description": "Signing scheme used for the signature. "ETH" for Ethereum, and "TON" for The Open Network are supported. Default: "ETH".",
            "enum": [
              "ETH",
              "TON",
            ],
            "type": "string",
          },
          "uniqueKey": {
            "description": "Unique key of the DTO. It is used to prevent double execution of the same transaction on chain. The key is saved on chain and checked before execution. If a DTO with already saved key is used in transaction, the transaction will fail with UniqueTransactionConflict error, which is mapped to HTTP 409 Conflict error. In case of the error, no changes are saved to chain state.
The key is generated by the caller and should be unique for each DTO. You can use \`nanoid\` library, UUID scheme, or any tool to generate unique string keys.",
            "minLength": 1,
            "type": "string",
          },
          "user": {
            "description": "Id of user to save public key for.",
            "type": "string",
          },
        },
        "required": [
          "user",
          "publicKey",
        ],
        "type": "object",
      },
      "isWrite": true,
      "methodName": "RegisterUser",
      "responseSchema": {
        "properties": {
          "Data": {
            "type": "string",
          },
          "Message": {
            "type": "string",
          },
          "Status": {
            "description": "Indicates Error (0) or Success (1)",
            "enum": [
              0,
              1,
            ],
          },
        },
        "required": [
          "Status",
        ],
        "type": "object",
      },
    },
    {
      "description": "Updates public key for the calling user.",
      "dtoSchema": {
        "properties": {
          "prefix": {
            "description": "Prefix for Metamask transaction signatures. Necessary to format payloads correctly to recover publicKey from web3 signatures.",
            "minLength": 1,
            "type": "string",
          },
          "publicKey": {
            "description": "For users with ETH signing scheme it is public secp256k1 key (compact or non-compact, hex or base64). For users with TON signing scheme it is public Ed25519 key (base64).",
            "minLength": 1,
            "type": "string",
          },
          "signature": {
            "description": "Signature of the DTO signed with caller's private key to be verified with user's public key saved on chain. The 'signature' field is optional for DTO, but is required for a transaction to be executed on chain. 
Please consult [GalaChain SDK documentation](https://github.com/GalaChain/sdk/blob/main/docs/authorization.md#signature-based-authorization) on how to create signatures.",
            "minLength": 1,
            "type": "string",
          },
          "signerAddress": {
            "description": "Address of the user who signed the DTO. Typically Ethereum or TON address.",
            "minLength": 1,
            "type": "string",
          },
          "signerPublicKey": {
            "description": "Public key of the user who signed the DTO.",
            "minLength": 1,
            "type": "string",
          },
          "signing": {
            "description": "Signing scheme used for the signature. "ETH" for Ethereum, and "TON" for The Open Network are supported. Default: "ETH".",
            "enum": [
              "ETH",
              "TON",
            ],
            "type": "string",
          },
          "uniqueKey": {
            "description": "Unique key of the DTO. It is used to prevent double execution of the same transaction on chain. The key is saved on chain and checked before execution. If a DTO with already saved key is used in transaction, the transaction will fail with UniqueTransactionConflict error, which is mapped to HTTP 409 Conflict error. In case of the error, no changes are saved to chain state.
The key is generated by the caller and should be unique for each DTO. You can use \`nanoid\` library, UUID scheme, or any tool to generate unique string keys.",
            "minLength": 1,
            "type": "string",
          },
        },
        "required": [
          "publicKey",
        ],
        "type": "object",
      },
      "isWrite": true,
      "methodName": "UpdatePublicKey",
      "responseSchema": {
        "properties": {
          "Data": {
            "type": "null",
          },
          "Message": {
            "type": "string",
          },
          "Status": {
            "description": "Indicates Error (0) or Success (1)",
            "enum": [
              0,
              1,
            ],
          },
        },
        "required": [
          "Status",
        ],
        "type": "object",
      },
    },
    {
      "description": "Verifies signature of the DTO signed with caller's private key to be verified with user's public key saved on chain.",
      "dtoSchema": {
        "properties": {
          "prefix": {
            "description": "Prefix for Metamask transaction signatures. Necessary to format payloads correctly to recover publicKey from web3 signatures.",
            "minLength": 1,
            "type": "string",
          },
          "signature": {
            "description": "Signature of the DTO signed with caller's private key to be verified with user's public key saved on chain. The 'signature' field is optional for DTO, but is required for a transaction to be executed on chain. 
Please consult [GalaChain SDK documentation](https://github.com/GalaChain/sdk/blob/main/docs/authorization.md#signature-based-authorization) on how to create signatures.",
            "minLength": 1,
            "type": "string",
          },
          "signerAddress": {
            "description": "Address of the user who signed the DTO. Typically Ethereum or TON address.",
            "minLength": 1,
            "type": "string",
          },
          "signerPublicKey": {
            "description": "Public key of the user who signed the DTO.",
            "minLength": 1,
            "type": "string",
          },
          "signing": {
            "description": "Signing scheme used for the signature. "ETH" for Ethereum, and "TON" for The Open Network are supported. Default: "ETH".",
            "enum": [
              "ETH",
              "TON",
            ],
            "type": "string",
          },
          "uniqueKey": {
            "description": "Unique key of the DTO. It is used to prevent double execution of the same transaction on chain. The key is saved on chain and checked before execution. If a DTO with already saved key is used in transaction, the transaction will fail with UniqueTransactionConflict error, which is mapped to HTTP 409 Conflict error. In case of the error, no changes are saved to chain state.
The key is generated by the caller and should be unique for each DTO. You can use \`nanoid\` library, UUID scheme, or any tool to generate unique string keys.",
            "minLength": 1,
            "type": "string",
          },
        },
        "type": "object",
      },
      "isWrite": false,
      "methodName": "VerifySignature",
      "responseSchema": {
        "properties": {
          "Data": {
            "type": "null",
          },
          "Message": {
            "type": "string",
          },
          "Status": {
            "description": "Indicates Error (0) or Success (1)",
            "enum": [
              0,
              1,
            ],
          },
        },
        "required": [
          "Status",
        ],
        "type": "object",
      },
    },
  ],
}
`;
