// Jest Snapshot v1, https://goo.gl/fbAQLP

exports[`AppleContract API should match snapshot 1`] = `
{
  "contractName": "AppleContract",
  "contractVersion": "?.?.?",
  "methods": [
    {
      "dtoSchema": {
        "properties": {
          "callerPublicKey": {
            "minLength": 1,
            "type": "string",
          },
          "dto": {
            "minLength": 1,
            "type": "string",
          },
          "method": {
            "minLength": 1,
            "type": "string",
          },
          "prefix": {
            "description": "Prefix for Metamask transaction signatures. Necessary to format payloads correctly to recover publicKey from web3 signatures.",
            "minLength": 1,
            "type": "string",
          },
          "signature": {
            "description": "Signature of the DTO signed with caller's private key to be verified with user's public key saved on chain. The 'signature' field is optional for DTO, but is required for a transaction to be executed on chain. 
Please consult [GalaChain SDK documentation](https://github.com/GalaChain/sdk/blob/main/docs/authorization.md#signature-based-authorization) on how to create signatures.",
            "minLength": 1,
            "type": "string",
          },
          "signerAddress": {
            "description": "Address of the user who signed the DTO. Typically Ethereum or TON address.",
            "minLength": 1,
            "type": "string",
          },
          "signerPublicKey": {
            "description": "Public key of the user who signed the DTO.",
            "minLength": 1,
            "type": "string",
          },
          "signing": {
            "description": "Signing scheme used for the signature. "ETH" for Ethereum, and "TON" for The Open Network are supported. Default: "ETH".",
            "enum": [
              "ETH",
              "TON",
            ],
            "type": "string",
          },
          "uniqueKey": {
            "description": "Unique key of the DTO. It is used to prevent double execution of the same transaction on chain. The key is saved on chain and checked before execution. If a DTO with already saved key is used in transaction, the transaction will fail with UniqueTransactionConflict error, which is mapped to HTTP 409 Conflict error. In case of the error, no changes are saved to chain state.
The key is generated by the caller and should be unique for each DTO. You can use \`nanoid\` library, UUID scheme, or any tool to generate unique string keys.",
            "minLength": 1,
            "type": "string",
          },
        },
        "required": [
          "method",
          "callerPublicKey",
        ],
        "type": "object",
      },
      "isWrite": false,
      "methodName": "DryRun",
      "responseSchema": {
        "properties": {
          "Data": {
            "properties": {
              "prefix": {
                "description": "Prefix for Metamask transaction signatures. Necessary to format payloads correctly to recover publicKey from web3 signatures.",
                "minLength": 1,
                "type": "string",
              },
              "signature": {
                "description": "Signature of the DTO signed with caller's private key to be verified with user's public key saved on chain. The 'signature' field is optional for DTO, but is required for a transaction to be executed on chain. 
Please consult [GalaChain SDK documentation](https://github.com/GalaChain/sdk/blob/main/docs/authorization.md#signature-based-authorization) on how to create signatures.",
                "minLength": 1,
                "type": "string",
              },
              "signerAddress": {
                "description": "Address of the user who signed the DTO. Typically Ethereum or TON address.",
                "minLength": 1,
                "type": "string",
              },
              "signerPublicKey": {
                "description": "Public key of the user who signed the DTO.",
                "minLength": 1,
                "type": "string",
              },
              "signing": {
                "description": "Signing scheme used for the signature. "ETH" for Ethereum, and "TON" for The Open Network are supported. Default: "ETH".",
                "enum": [
                  "ETH",
                  "TON",
                ],
                "type": "string",
              },
              "uniqueKey": {
                "description": "Unique key of the DTO. It is used to prevent double execution of the same transaction on chain. The key is saved on chain and checked before execution. If a DTO with already saved key is used in transaction, the transaction will fail with UniqueTransactionConflict error, which is mapped to HTTP 409 Conflict error. In case of the error, no changes are saved to chain state.
The key is generated by the caller and should be unique for each DTO. You can use \`nanoid\` library, UUID scheme, or any tool to generate unique string keys.",
                "minLength": 1,
                "type": "string",
              },
            },
            "type": "object",
          },
          "Message": {
            "type": "string",
          },
          "Status": {
            "description": "Indicates Error (0) or Success (1)",
            "enum": [
              0,
              1,
            ],
          },
        },
        "required": [
          "Status",
        ],
        "type": "object",
      },
    },
    {
      "dtoSchema": {
        "properties": {
          "bookmark": {
            "type": "string",
          },
          "index": {},
          "limit": {},
          "plantedBy": {
            "type": "string",
          },
          "prefix": {
            "description": "Prefix for Metamask transaction signatures. Necessary to format payloads correctly to recover publicKey from web3 signatures.",
            "minLength": 1,
            "type": "string",
          },
          "signature": {
            "description": "Signature of the DTO signed with caller's private key to be verified with user's public key saved on chain. The 'signature' field is optional for DTO, but is required for a transaction to be executed on chain. 
Please consult [GalaChain SDK documentation](https://github.com/GalaChain/sdk/blob/main/docs/authorization.md#signature-based-authorization) on how to create signatures.",
            "minLength": 1,
            "type": "string",
          },
          "signerAddress": {
            "description": "Address of the user who signed the DTO. Typically Ethereum or TON address.",
            "minLength": 1,
            "type": "string",
          },
          "signerPublicKey": {
            "description": "Public key of the user who signed the DTO.",
            "minLength": 1,
            "type": "string",
          },
          "signing": {
            "description": "Signing scheme used for the signature. "ETH" for Ethereum, and "TON" for The Open Network are supported. Default: "ETH".",
            "enum": [
              "ETH",
              "TON",
            ],
            "type": "string",
          },
          "uniqueKey": {
            "description": "Unique key of the DTO. It is used to prevent double execution of the same transaction on chain. The key is saved on chain and checked before execution. If a DTO with already saved key is used in transaction, the transaction will fail with UniqueTransactionConflict error, which is mapped to HTTP 409 Conflict error. In case of the error, no changes are saved to chain state.
The key is generated by the caller and should be unique for each DTO. You can use \`nanoid\` library, UUID scheme, or any tool to generate unique string keys.",
            "minLength": 1,
            "type": "string",
          },
          "variety": {
            "enum": [
              "HONEYCRISP",
              "GALA",
              "GOLDEN_DELICIOUS",
              "MCINTOSH",
            ],
            "type": "string",
          },
        },
        "type": "object",
      },
      "isWrite": false,
      "methodName": "FetchTrees",
      "responseSchema": {
        "properties": {
          "Data": {
            "properties": {
              "bookmark": {
                "type": "string",
              },
              "trees": {
                "items": {
                  "properties": {
                    "applesPicked": {
                      "description": "Number provided as a string.",
                      "type": "string",
                    },
                    "plantedBy": {
                      "type": "string",
                    },
                    "variety": {
                      "enum": [
                        "GALA",
                        "GOLDEN_DELICIOUS",
                        "HONEYCRISP",
                        "MCINTOSH",
                      ],
                      "type": "string",
                    },
                  },
                  "required": [
                    "plantedBy",
                    "variety",
                    "applesPicked",
                  ],
                  "type": "object",
                },
                "type": "array",
              },
            },
            "required": [
              "trees",
              "bookmark",
            ],
            "type": "object",
          },
          "Message": {
            "type": "string",
          },
          "Status": {
            "description": "Indicates Error (0) or Success (1)",
            "enum": [
              0,
              1,
            ],
          },
        },
        "required": [
          "Status",
        ],
        "type": "object",
      },
    },
    {
      "deprecated": true,
      "description": "Gets the contract version. Deprecated. Use GetContractVersion instead.",
      "isWrite": false,
      "methodName": "GetChaincodeVersion",
      "responseSchema": {
        "properties": {
          "Data": {
            "type": "string",
          },
          "Message": {
            "type": "string",
          },
          "Status": {
            "description": "Indicates Error (0) or Success (1)",
            "enum": [
              0,
              1,
            ],
          },
        },
        "required": [
          "Status",
        ],
        "type": "object",
      },
    },
    {
      "isWrite": false,
      "methodName": "GetContractAPI",
      "responseSchema": {
        "properties": {
          "Data": {
            "type": "object",
          },
          "Message": {
            "type": "string",
          },
          "Status": {
            "description": "Indicates Error (0) or Success (1)",
            "enum": [
              0,
              1,
            ],
          },
        },
        "required": [
          "Status",
        ],
        "type": "object",
      },
    },
    {
      "isWrite": false,
      "methodName": "GetContractVersion",
      "responseSchema": {
        "properties": {
          "Data": {
            "type": "string",
          },
          "Message": {
            "type": "string",
          },
          "Status": {
            "description": "Indicates Error (0) or Success (1)",
            "enum": [
              0,
              1,
            ],
          },
        },
        "required": [
          "Status",
        ],
        "type": "object",
      },
    },
    {
      "dtoSchema": {
        "properties": {
          "objectId": {
            "minLength": 1,
            "type": "string",
          },
          "prefix": {
            "description": "Prefix for Metamask transaction signatures. Necessary to format payloads correctly to recover publicKey from web3 signatures.",
            "minLength": 1,
            "type": "string",
          },
          "signature": {
            "description": "Signature of the DTO signed with caller's private key to be verified with user's public key saved on chain. The 'signature' field is optional for DTO, but is required for a transaction to be executed on chain. 
Please consult [GalaChain SDK documentation](https://github.com/GalaChain/sdk/blob/main/docs/authorization.md#signature-based-authorization) on how to create signatures.",
            "minLength": 1,
            "type": "string",
          },
          "signerAddress": {
            "description": "Address of the user who signed the DTO. Typically Ethereum or TON address.",
            "minLength": 1,
            "type": "string",
          },
          "signerPublicKey": {
            "description": "Public key of the user who signed the DTO.",
            "minLength": 1,
            "type": "string",
          },
          "signing": {
            "description": "Signing scheme used for the signature. "ETH" for Ethereum, and "TON" for The Open Network are supported. Default: "ETH".",
            "enum": [
              "ETH",
              "TON",
            ],
            "type": "string",
          },
          "uniqueKey": {
            "description": "Unique key of the DTO. It is used to prevent double execution of the same transaction on chain. The key is saved on chain and checked before execution. If a DTO with already saved key is used in transaction, the transaction will fail with UniqueTransactionConflict error, which is mapped to HTTP 409 Conflict error. In case of the error, no changes are saved to chain state.
The key is generated by the caller and should be unique for each DTO. You can use \`nanoid\` library, UUID scheme, or any tool to generate unique string keys.",
            "minLength": 1,
            "type": "string",
          },
        },
        "required": [
          "objectId",
        ],
        "type": "object",
      },
      "isWrite": false,
      "methodName": "GetObjectByKey",
      "responseSchema": {
        "properties": {
          "Data": {
            "type": "object",
          },
          "Message": {
            "type": "string",
          },
          "Status": {
            "description": "Indicates Error (0) or Success (1)",
            "enum": [
              0,
              1,
            ],
          },
        },
        "required": [
          "Status",
        ],
        "type": "object",
      },
    },
    {
      "dtoSchema": {
        "properties": {
          "objectId": {
            "minLength": 1,
            "type": "string",
          },
          "prefix": {
            "description": "Prefix for Metamask transaction signatures. Necessary to format payloads correctly to recover publicKey from web3 signatures.",
            "minLength": 1,
            "type": "string",
          },
          "signature": {
            "description": "Signature of the DTO signed with caller's private key to be verified with user's public key saved on chain. The 'signature' field is optional for DTO, but is required for a transaction to be executed on chain. 
Please consult [GalaChain SDK documentation](https://github.com/GalaChain/sdk/blob/main/docs/authorization.md#signature-based-authorization) on how to create signatures.",
            "minLength": 1,
            "type": "string",
          },
          "signerAddress": {
            "description": "Address of the user who signed the DTO. Typically Ethereum or TON address.",
            "minLength": 1,
            "type": "string",
          },
          "signerPublicKey": {
            "description": "Public key of the user who signed the DTO.",
            "minLength": 1,
            "type": "string",
          },
          "signing": {
            "description": "Signing scheme used for the signature. "ETH" for Ethereum, and "TON" for The Open Network are supported. Default: "ETH".",
            "enum": [
              "ETH",
              "TON",
            ],
            "type": "string",
          },
          "uniqueKey": {
            "description": "Unique key of the DTO. It is used to prevent double execution of the same transaction on chain. The key is saved on chain and checked before execution. If a DTO with already saved key is used in transaction, the transaction will fail with UniqueTransactionConflict error, which is mapped to HTTP 409 Conflict error. In case of the error, no changes are saved to chain state.
The key is generated by the caller and should be unique for each DTO. You can use \`nanoid\` library, UUID scheme, or any tool to generate unique string keys.",
            "minLength": 1,
            "type": "string",
          },
        },
        "required": [
          "objectId",
        ],
        "type": "object",
      },
      "isWrite": false,
      "methodName": "GetObjectHistory",
      "responseSchema": {
        "properties": {
          "Data": {
            "type": "object",
          },
          "Message": {
            "type": "string",
          },
          "Status": {
            "description": "Indicates Error (0) or Success (1)",
            "enum": [
              0,
              1,
            ],
          },
        },
        "required": [
          "Status",
        ],
        "type": "object",
      },
    },
    {
      "dtoSchema": {
        "properties": {
          "PlantedBy": {
            "type": "string",
          },
          "prefix": {
            "description": "Prefix for Metamask transaction signatures. Necessary to format payloads correctly to recover publicKey from web3 signatures.",
            "minLength": 1,
            "type": "string",
          },
          "signature": {
            "description": "Signature of the DTO signed with caller's private key to be verified with user's public key saved on chain. The 'signature' field is optional for DTO, but is required for a transaction to be executed on chain. 
Please consult [GalaChain SDK documentation](https://github.com/GalaChain/sdk/blob/main/docs/authorization.md#signature-based-authorization) on how to create signatures.",
            "minLength": 1,
            "type": "string",
          },
          "signerAddress": {
            "description": "Address of the user who signed the DTO. Typically Ethereum or TON address.",
            "minLength": 1,
            "type": "string",
          },
          "signerPublicKey": {
            "description": "Public key of the user who signed the DTO.",
            "minLength": 1,
            "type": "string",
          },
          "signing": {
            "description": "Signing scheme used for the signature. "ETH" for Ethereum, and "TON" for The Open Network are supported. Default: "ETH".",
            "enum": [
              "ETH",
              "TON",
            ],
            "type": "string",
          },
          "uniqueKey": {
            "description": "Unique key of the DTO. It is used to prevent double execution of the same transaction on chain. The key is saved on chain and checked before execution. If a DTO with already saved key is used in transaction, the transaction will fail with UniqueTransactionConflict error, which is mapped to HTTP 409 Conflict error. In case of the error, no changes are saved to chain state.
The key is generated by the caller and should be unique for each DTO. You can use \`nanoid\` library, UUID scheme, or any tool to generate unique string keys.",
            "minLength": 1,
            "type": "string",
          },
          "variety": {
            "enum": [
              "GALA",
              "GOLDEN_DELICIOUS",
              "HONEYCRISP",
              "MCINTOSH",
            ],
            "type": "string",
          },
        },
        "required": [
          "PlantedBy",
          "variety",
        ],
        "type": "object",
      },
      "isWrite": true,
      "methodName": "PickApple",
      "responseSchema": {
        "properties": {
          "Data": {
            "type": "null",
          },
          "Message": {
            "type": "string",
          },
          "Status": {
            "description": "Indicates Error (0) or Success (1)",
            "enum": [
              0,
              1,
            ],
          },
        },
        "required": [
          "Status",
        ],
        "type": "object",
      },
    },
    {
      "dtoSchema": {
        "properties": {
          "prefix": {
            "description": "Prefix for Metamask transaction signatures. Necessary to format payloads correctly to recover publicKey from web3 signatures.",
            "minLength": 1,
            "type": "string",
          },
          "signature": {
            "description": "Signature of the DTO signed with caller's private key to be verified with user's public key saved on chain. The 'signature' field is optional for DTO, but is required for a transaction to be executed on chain. 
Please consult [GalaChain SDK documentation](https://github.com/GalaChain/sdk/blob/main/docs/authorization.md#signature-based-authorization) on how to create signatures.",
            "minLength": 1,
            "type": "string",
          },
          "signerAddress": {
            "description": "Address of the user who signed the DTO. Typically Ethereum or TON address.",
            "minLength": 1,
            "type": "string",
          },
          "signerPublicKey": {
            "description": "Public key of the user who signed the DTO.",
            "minLength": 1,
            "type": "string",
          },
          "signing": {
            "description": "Signing scheme used for the signature. "ETH" for Ethereum, and "TON" for The Open Network are supported. Default: "ETH".",
            "enum": [
              "ETH",
              "TON",
            ],
            "type": "string",
          },
          "uniqueKey": {
            "description": "Unique key of the DTO. It is used to prevent double execution of the same transaction on chain. The key is saved on chain and checked before execution. If a DTO with already saved key is used in transaction, the transaction will fail with UniqueTransactionConflict error, which is mapped to HTTP 409 Conflict error. In case of the error, no changes are saved to chain state.
The key is generated by the caller and should be unique for each DTO. You can use \`nanoid\` library, UUID scheme, or any tool to generate unique string keys.",
            "minLength": 1,
            "type": "string",
          },
          "variety": {
            "enum": [
              "GALA",
              "GOLDEN_DELICIOUS",
              "HONEYCRISP",
              "MCINTOSH",
            ],
            "type": "string",
          },
        },
        "required": [
          "variety",
        ],
        "type": "object",
      },
      "isWrite": true,
      "methodName": "PlantTree",
      "responseSchema": {
        "properties": {
          "Data": {
            "type": "null",
          },
          "Message": {
            "type": "string",
          },
          "Status": {
            "description": "Indicates Error (0) or Success (1)",
            "enum": [
              0,
              1,
            ],
          },
        },
        "required": [
          "Status",
        ],
        "type": "object",
      },
    },
    {
      "dtoSchema": {
        "properties": {
          "prefix": {
            "description": "Prefix for Metamask transaction signatures. Necessary to format payloads correctly to recover publicKey from web3 signatures.",
            "minLength": 1,
            "type": "string",
          },
          "signature": {
            "description": "Signature of the DTO signed with caller's private key to be verified with user's public key saved on chain. The 'signature' field is optional for DTO, but is required for a transaction to be executed on chain. 
Please consult [GalaChain SDK documentation](https://github.com/GalaChain/sdk/blob/main/docs/authorization.md#signature-based-authorization) on how to create signatures.",
            "minLength": 1,
            "type": "string",
          },
          "signerAddress": {
            "description": "Address of the user who signed the DTO. Typically Ethereum or TON address.",
            "minLength": 1,
            "type": "string",
          },
          "signerPublicKey": {
            "description": "Public key of the user who signed the DTO.",
            "minLength": 1,
            "type": "string",
          },
          "signing": {
            "description": "Signing scheme used for the signature. "ETH" for Ethereum, and "TON" for The Open Network are supported. Default: "ETH".",
            "enum": [
              "ETH",
              "TON",
            ],
            "type": "string",
          },
          "trees": {
            "items": {
              "properties": {
                "prefix": {
                  "description": "Prefix for Metamask transaction signatures. Necessary to format payloads correctly to recover publicKey from web3 signatures.",
                  "minLength": 1,
                  "type": "string",
                },
                "signature": {
                  "description": "Signature of the DTO signed with caller's private key to be verified with user's public key saved on chain. The 'signature' field is optional for DTO, but is required for a transaction to be executed on chain. 
Please consult [GalaChain SDK documentation](https://github.com/GalaChain/sdk/blob/main/docs/authorization.md#signature-based-authorization) on how to create signatures.",
                  "minLength": 1,
                  "type": "string",
                },
                "signerAddress": {
                  "description": "Address of the user who signed the DTO. Typically Ethereum or TON address.",
                  "minLength": 1,
                  "type": "string",
                },
                "signerPublicKey": {
                  "description": "Public key of the user who signed the DTO.",
                  "minLength": 1,
                  "type": "string",
                },
                "signing": {
                  "description": "Signing scheme used for the signature. "ETH" for Ethereum, and "TON" for The Open Network are supported. Default: "ETH".",
                  "enum": [
                    "ETH",
                    "TON",
                  ],
                  "type": "string",
                },
                "uniqueKey": {
                  "description": "Unique key of the DTO. It is used to prevent double execution of the same transaction on chain. The key is saved on chain and checked before execution. If a DTO with already saved key is used in transaction, the transaction will fail with UniqueTransactionConflict error, which is mapped to HTTP 409 Conflict error. In case of the error, no changes are saved to chain state.
The key is generated by the caller and should be unique for each DTO. You can use \`nanoid\` library, UUID scheme, or any tool to generate unique string keys.",
                  "minLength": 1,
                  "type": "string",
                },
                "variety": {
                  "enum": [
                    "GALA",
                    "GOLDEN_DELICIOUS",
                    "HONEYCRISP",
                    "MCINTOSH",
                  ],
                  "type": "string",
                },
              },
              "required": [
                "variety",
              ],
              "type": "object",
            },
            "minItems": 1,
            "type": "array",
          },
          "uniqueKey": {
            "description": "Unique key of the DTO. It is used to prevent double execution of the same transaction on chain. The key is saved on chain and checked before execution. If a DTO with already saved key is used in transaction, the transaction will fail with UniqueTransactionConflict error, which is mapped to HTTP 409 Conflict error. In case of the error, no changes are saved to chain state.
The key is generated by the caller and should be unique for each DTO. You can use \`nanoid\` library, UUID scheme, or any tool to generate unique string keys.",
            "minLength": 1,
            "type": "string",
          },
        },
        "required": [
          "trees",
        ],
        "type": "object",
      },
      "isWrite": true,
      "methodName": "PlantTrees",
      "responseSchema": {
        "properties": {
          "Data": {
            "type": "null",
          },
          "Message": {
            "type": "string",
          },
          "Status": {
            "description": "Indicates Error (0) or Success (1)",
            "enum": [
              0,
              1,
            ],
          },
        },
        "required": [
          "Status",
        ],
        "type": "object",
      },
    },
  ],
}
`;
